// Jest Snapshot v1, https://goo.gl/fbAQLP

exports[`ModalInner component test renders correctly 1`] = `
<section
  className="fixed top-0 left-0 flex flex-row items-center justify-center w-screen h-screen gap-4"
>
  <div
    className="z-20 w-1/2 text-black bg-white opacity-100 rounded-2xl max-lg:rounded-none dark:bg-slate-500 h-5/6 max-lg:w-full max-lg:h-full"
  >
    <div>
      inner
    </div>
  </div>
  <div
    className="absolute z-10 w-screen h-screen bg-black opacity-50"
  />
</section>
`;
